Archive member included because of file (symbol)

../../..//mcu/libfitkit/build\libfitkit_f2xx.a(fitkitlib_f2xx.o)
                              build/mcu/main_f2xx.o (initialize_hardware)
../../..//mcu/libfitkit/build\libfitkit_f2xx.a(flash_f2xx.o)
                              ../../..//mcu/libfitkit/build\libfitkit_f2xx.a(fitkitlib_f2xx.o) (flash_init)
../../..//mcu/libfitkit/build\libfitkit_f2xx.a(flash_fpga_f2xx.o)
                              ../../..//mcu/libfitkit/build\libfitkit_f2xx.a(fitkitlib_f2xx.o) (FPGAConfig_init)
../../..//mcu/libfitkit/build\libfitkit_f2xx.a(fpga_f2xx.o)
                              ../../..//mcu/libfitkit/build\libfitkit_f2xx.a(fitkitlib_f2xx.o) (FPGA_init)
../../..//mcu/libfitkit/build\libfitkit_f2xx.a(globfun_f2xx.o)
                              ../../..//mcu/libfitkit/build\libfitkit_f2xx.a(flash_f2xx.o) (long2str)
../../..//mcu/libfitkit/build\libfitkit_f2xx.a(spi_f2xx.o)
                              ../../..//mcu/libfitkit/build\libfitkit_f2xx.a(fitkitlib_f2xx.o) (SPI_Init)
../../..//mcu/libfitkit/build\libfitkit_f2xx.a(terminal_f2xx.o)
                              ../../..//mcu/libfitkit/build\libfitkit_f2xx.a(fitkitlib_f2xx.o) (terminal_init)
../../..//mcu/libfitkit/build\libfitkit_f2xx.a(timer_b_f2xx.o)
                              ../../..//mcu/libfitkit/build\libfitkit_f2xx.a(fitkitlib_f2xx.o) (timerb_init)
../../..//mcu/libfitkit/build\libfitkit_f2xx.a(uart_f2xx.o)
                              ../../..//mcu/libfitkit/build\libfitkit_f2xx.a(terminal_f2xx.o) (serial_init)
../../..//mcu/libfitkit/build\libfitkit_f2xx.a(filetransfer_f2xx.o)
                              ../../..//mcu/libfitkit/build\libfitkit_f2xx.a(fitkitlib_f2xx.o) (SPI_WriteFile)
../../..//mcu/libfitkit/build\libfitkit_f2xx.a(cmd_f2xx.o)
                              ../../..//mcu/libfitkit/build\libfitkit_f2xx.a(terminal_f2xx.o) (term_cmd_clear)
C:\Program Files\mspgcc\bin\..\lib\gcc-lib\msp430\3.2.3\libgcc.a(__stop_progExec__.o)
                              build/mcu/main_f2xx.o (__stop_progExec__)
C:\Program Files\mspgcc\bin\..\lib\gcc-lib\msp430\3.2.3\libgcc.a(_mulsi3hw.o)
                              ../../..//mcu/libfitkit/build\libfitkit_f2xx.a(flash_f2xx.o) (__umulsi3hw)
C:\Program Files\mspgcc\bin\..\lib\gcc-lib\msp430\3.2.3\libgcc.a(_udivmodsi4.o)
                              ../../..//mcu/libfitkit/build\libfitkit_f2xx.a(flash_f2xx.o) (__udivmodsi4)
C:\Program Files\mspgcc\bin\..\lib\gcc-lib\msp430\3.2.3\libgcc.a(_divmodsi4.o)
                              ../../..//mcu/libfitkit/build\libfitkit_f2xx.a(flash_f2xx.o) (__divmodsi4)
C:\Program Files\mspgcc\bin\..\lib\gcc-lib\msp430\3.2.3\libgcc.a(_reset_vector__.o)
                              C:\Program Files\mspgcc\bin\..\lib\gcc-lib\msp430\3.2.3\..\..\..\..\msp430\lib\crt430x2617.o (_reset_vector__)
C:\Program Files\mspgcc\bin\..\lib\gcc-lib\msp430\3.2.3\libgcc.a(__low_level_init.o)
                              C:\Program Files\mspgcc\bin\..\lib\gcc-lib\msp430\3.2.3\libgcc.a(_reset_vector__.o) (__low_level_init)
C:\Program Files\mspgcc\bin\..\lib\gcc-lib\msp430\3.2.3\libgcc.a(_copy_data.o)
                              C:\Program Files\mspgcc\bin\..\lib\gcc-lib\msp430\3.2.3\libgcc.a(_reset_vector__.o) (__do_copy_data)
C:\Program Files\mspgcc\bin\..\lib\gcc-lib\msp430\3.2.3\libgcc.a(_clear_bss.o)
                              C:\Program Files\mspgcc\bin\..\lib\gcc-lib\msp430\3.2.3\libgcc.a(_reset_vector__.o) (__do_clear_bss)
C:\Program Files\mspgcc\bin\..\lib\gcc-lib\msp430\3.2.3\libgcc.a(__jump_to_main.o)
                              C:\Program Files\mspgcc\bin\..\lib\gcc-lib\msp430\3.2.3\libgcc.a(_reset_vector__.o) (__jump_to_main)
C:\Program Files\mspgcc\bin\..\lib\gcc-lib\msp430\3.2.3\..\..\..\..\msp430\lib\libc.a(isdigit.o)
                              ../../..//mcu/libfitkit/build\libfitkit_f2xx.a(globfun_f2xx.o) (isdigit)
C:\Program Files\mspgcc\bin\..\lib\gcc-lib\msp430\3.2.3\..\..\..\..\msp430\lib\libc.a(strlen.o)
                              ../../..//mcu/libfitkit/build\libfitkit_f2xx.a(flash_f2xx.o) (strlen)

Allocating common symbols
Common symbol       size              file

BreakFlag           0x1               ../../..//mcu/libfitkit/build\libfitkit_f2xx.a(uart_f2xx.o)
TransmitNum         0x1               ../../..//mcu/libfitkit/build\libfitkit_f2xx.a(uart_f2xx.o)
Cmd_Old             0x1               ../../..//mcu/libfitkit/build\libfitkit_f2xx.a(terminal_f2xx.o)
cb_fun              0x2               ../../..//mcu/libfitkit/build\libfitkit_f2xx.a(filetransfer_f2xx.o)
ReceiveNum          0x2               ../../..//mcu/libfitkit/build\libfitkit_f2xx.a(uart_f2xx.o)
cb_buf              0x2               ../../..//mcu/libfitkit/build\libfitkit_f2xx.a(filetransfer_f2xx.o)
CMD_Long            0x4               ../../..//mcu/libfitkit/build\libfitkit_f2xx.a(cmd_f2xx.o)
CountPage           0x2               ../../..//mcu/libfitkit/build\libfitkit_f2xx.a(flash_f2xx.o)
ReceiveBuf          0x7f              ../../..//mcu/libfitkit/build\libfitkit_f2xx.a(uart_f2xx.o)
ReceiveIndexRec     0x2               ../../..//mcu/libfitkit/build\libfitkit_f2xx.a(uart_f2xx.o)
TransmitBuf         0x64              ../../..//mcu/libfitkit/build\libfitkit_f2xx.a(uart_f2xx.o)
ErrorFlag           0x1               ../../..//mcu/libfitkit/build\libfitkit_f2xx.a(uart_f2xx.o)
ReceiveIndex        0x2               ../../..//mcu/libfitkit/build\libfitkit_f2xx.a(uart_f2xx.o)
TransmitIndexSend   0x1               ../../..//mcu/libfitkit/build\libfitkit_f2xx.a(uart_f2xx.o)
TypeBufferFlash     0x1               ../../..//mcu/libfitkit/build\libfitkit_f2xx.a(flash_f2xx.o)
TransmitIndex       0x1               ../../..//mcu/libfitkit/build\libfitkit_f2xx.a(uart_f2xx.o)
PomRS232            0x1               ../../..//mcu/libfitkit/build\libfitkit_f2xx.a(uart_f2xx.o)
AdrBufferFlash      0x2               ../../..//mcu/libfitkit/build\libfitkit_f2xx.a(flash_f2xx.o)
CMDStr              0x19              ../../..//mcu/libfitkit/build\libfitkit_f2xx.a(cmd_f2xx.o)
Cmd                 0x1               ../../..//mcu/libfitkit/build\libfitkit_f2xx.a(terminal_f2xx.o)
CMDStrLen           0x1               ../../..//mcu/libfitkit/build\libfitkit_f2xx.a(cmd_f2xx.o)

Memory Configuration

Name             Origin             Length             Attributes
text             0x00003100         0x0000cec0         xr
data             0x00001100         0x00002000         xrw
vectors          0x0000ffc0         0x00000040         rw
bootloader       0x00000c00         0x00000400         xr
infomem          0x00001000         0x00000100         xr
infomemnobits    0x00001000         0x00000100         xr
*default*        0x00000000         0xffffffff

Linker script and memory map

LOAD C:\Program Files\mspgcc\bin\..\lib\gcc-lib\msp430\3.2.3\..\..\..\..\msp430\lib\crt430x2617.o
LOAD build/mcu/main_f2xx.o
LOAD ../../..//mcu/libfitkit/build\libfitkit_f2xx.a
LOAD C:\Program Files\mspgcc\bin\..\lib\gcc-lib\msp430\3.2.3\libgcc.a
LOAD C:\Program Files\mspgcc\bin\..\lib\gcc-lib\msp430\3.2.3\..\..\..\..\msp430\lib\libc.a
LOAD C:\Program Files\mspgcc\bin\..\lib\gcc-lib\msp430\3.2.3\libgcc.a

.hash
 *(.hash)

.dynsym
 *(.dynsym)

.dynstr
 *(.dynstr)

.gnu.version
 *(.gnu.version)

.gnu.version_d
 *(.gnu.version_d)

.gnu.version_r
 *(.gnu.version_r)

.rel.init
 *(.rel.init)

.rela.init
 *(.rela.init)

.rel.text
 *(.rel.text)
 *(.rel.text.*)
 *(.rel.gnu.linkonce.t*)

.rela.text
 *(.rela.text)
 *(.rela.text.*)
 *(.rela.gnu.linkonce.t*)

.rel.fini
 *(.rel.fini)

.rela.fini
 *(.rela.fini)

.rel.rodata
 *(.rel.rodata)
 *(.rel.rodata.*)
 *(.rel.gnu.linkonce.r*)

.rela.rodata
 *(.rela.rodata)
 *(.rela.rodata.*)
 *(.rela.gnu.linkonce.r*)

.rel.data
 *(.rel.data)
 *(.rel.data.*)
 *(.rel.gnu.linkonce.d*)

.rela.data
 *(.rela.data)
 *(.rela.data.*)
 *(.rela.gnu.linkonce.d*)

.rel.ctors
 *(.rel.ctors)

.rela.ctors
 *(.rela.ctors)

.rel.dtors
 *(.rel.dtors)

.rela.dtors
 *(.rela.dtors)

.rel.got
 *(.rel.got)

.rela.got
 *(.rela.got)

.rel.bss
 *(.rel.bss)

.rela.bss
 *(.rela.bss)

.rel.plt
 *(.rel.plt)

.rela.plt
 *(.rela.plt)

.text           0x00003100     0x4614
                0x00003100                . = ALIGN (0x2)
 *(.init)
 *(.init)
 *(.init0)
 .init0         0x00003100        0x0 C:\Program Files\mspgcc\bin\..\lib\gcc-lib\msp430\3.2.3\libgcc.a(_reset_vector__.o)
                0x00003100                _reset_vector__
 *(.init0)
 *(.init1)
 *(.init1)
 *(.init2)
 *(.init2)
 *(.init3)
 .init3         0x00003100        0x6 C:\Program Files\mspgcc\bin\..\lib\gcc-lib\msp430\3.2.3\libgcc.a(__low_level_init.o)
                0x00003100                __low_level_init
 *(.init3)
 *(.init4)
 .init4         0x00003106       0x12 C:\Program Files\mspgcc\bin\..\lib\gcc-lib\msp430\3.2.3\libgcc.a(_copy_data.o)
                0x00003106                __do_copy_data
 .init4         0x00003118       0x10 C:\Program Files\mspgcc\bin\..\lib\gcc-lib\msp430\3.2.3\libgcc.a(_clear_bss.o)
                0x00003118                __do_clear_bss
 *(.init4)
 *(.init5)
 *(.init5)
 *(.init6)
 *(.init6)
 *(.init7)
 *(.init7)
 *(.init8)
 *(.init8)
 *(.init9)
 .init9         0x00003128        0x4 C:\Program Files\mspgcc\bin\..\lib\gcc-lib\msp430\3.2.3\libgcc.a(__jump_to_main.o)
                0x00003128                __jump_to_main
 *(.init9)
                0x0000312c                __ctors_start = .
 *(.ctors)
 *(.ctors)
                0x0000312c                __ctors_end = .
                0x0000312c                __dtors_start = .
 *(.dtors)
 *(.dtors)
                0x0000312c                __dtors_end = .
                0x0000312c                . = ALIGN (0x2)
 *(.text)
 .text          0x0000312c        0x6 C:\Program Files\mspgcc\bin\..\lib\gcc-lib\msp430\3.2.3\..\..\..\..\msp430\lib\crt430x2617.o
                0x0000312c                vector_ffc0
                0x0000312c                vector_ffc8
                0x0000312c                vector_ffcc
                0x0000312c                _unexpected_1_
                0x0000312c                vector_ffe0
                0x0000312c                vector_ffc4
                0x0000312c                vector_fff0
                0x0000312c                vector_ffce
                0x0000312c                vector_fffc
                0x0000312c                vector_ffe4
                0x0000312c                vector_ffd6
                0x0000312c                vector_ffc2
                0x0000312c                vector_ffd4
                0x0000312c                vector_ffc6
                0x0000312c                vector_ffd2
                0x0000312c                vector_ffca
                0x0000312c                vector_ffde
                0x0000312c                vector_ffe2
                0x0000312c                vector_ffe8
                0x00003130                _unexpected_
                0x0000312c                vector_fffa
                0x0000312c                vector_fff4
                0x0000312c                vector_fff8
                0x0000312c                vector_fff2
                0x0000312c                vector_ffd8
                0x0000312c                vector_ffe6
                0x0000312c                vector_ffd0
                0x0000312c                vector_ffdc
                0x0000312c                vector_fff6
                0x0000312c                vector_ffda
                0x0000312c                vector_ffea
 .text          0x00003132       0x80 build/mcu/main_f2xx.o
                0x00003172                decode_user_cmd
                0x00003150                print_user_help
                0x0000319e                main
                0x00003194                fpga_initialized
 .text          0x000031b2      0x40e ../../..//mcu/libfitkit/build\libfitkit_f2xx.a(fitkitlib_f2xx.o)
                0x000031de                clock_system_init
                0x000031b2                delay_cycle
                0x00003228                smclk_stop
                0x000032ac                fpga_configure_from_flash
                0x000034a0                initialize_hardware_
                0x000035b0                initialize_hardware
                0x000033aa                fpga_configure_from_mcu
 .text          0x000035c0     0x1448 ../../..//mcu/libfitkit/build\libfitkit_f2xx.a(flash_f2xx.o)
                0x00004696                FLASH_Dump_Page
                0x00004582                FLASH_EraseAll
                0x00003f16                FLASH_ReadDataBuffer
                0x000044d6                FLASH_ErasePage
                0x000039ba                FLASH_print_status
                0x0000463a                FLASH_Dump_Block
                0x00004746                FLASH_Dump_Adr
                0x000036b8                flash_init
                0x0000452c                FLASH_EraseBlock
                0x00004104                FLASH_ReadDataA
                0x00003e86                FLASH_WriteDataBuffer
                0x000037b4                FLASH_availablepages
                0x0000409a                FLASH_isPageBlank
                0x00003894                FLASH_IsReady
                0x00003822                FLASH_blocks
                0x000035c0                FLASH_PageToAddr
                0x00003dba                FLASH_WriteToBuffer
                0x00004408                FLASH_WriteByte
                0x0000402c                FLASH_ReadData_Finalize
                0x000041fe                FLASH_ReadMemoryBuffer
                0x0000383c                FLASH_size
                0x000045ea                FLASH_Dump_All
                0x000035f2                flash_init_
                0x00004188                FLASH_WriteBufferMemory
                0x00003fb2                FLASH_ReadData_Initialize
                0x0000403a                FLASH_ReadData
                0x000044ac                FLASH_EraseByte
                0x00003862                FLASH_ReadStatus
                0x00004282                FLASH_ProgFPGA
 .text          0x00004a08      0x418 ../../..//mcu/libfitkit/build\libfitkit_f2xx.a(flash_fpga_f2xx.o)
                0x00004a08                delay_cycle_
                0x00004bb4                FPGAConfig_finalize
                0x00004c06                FPGAConfig_detect_fpga
                0x00004ace                FPGAConfig_initialize
                0x00004a34                FPGAConfig_init
 .text          0x00004e20      0x290 ../../..//mcu/libfitkit/build\libfitkit_f2xx.a(fpga_f2xx.o)
                0x00004e56                FPGA_SPI_RW_A8_D8
                0x00004ea6                FPGA_SPI_RW_A8_D16
                0x00004fba                FPGA_SPI_RW_AN_DN
                0x00004f1c                FPGA_SPI_RW_A8_DN
                0x00004e20                FPGA_init
                0x00004e32                FPGA_reset
 .text          0x000050b0      0x706 ../../..//mcu/libfitkit/build\libfitkit_f2xx.a(globfun_f2xx.o)
                0x000050b0                chr2bin
                0x000051c2                chr2digit
                0x0000516a                chr2hex
                0x00005564                strrev
                0x000052f4                str2long
                0x000053c4                str2long_2x
                0x0000523e                hex2chr
                0x0000511e                digit2chr
                0x000055d0                strupper
                0x00005666                long2str
                0x00005292                rchr
 .text          0x000057b6       0xb8 ../../..//mcu/libfitkit/build\libfitkit_f2xx.a(spi_f2xx.o)
                0x000057f8                SPI_Close
                0x00005812                SPI_read_wait_write
                0x00005842                SPI_write_wait_read
                0x000057b6                SPI_Init
 .text          0x0000586e      0x926 ../../..//mcu/libfitkit/build\libfitkit_f2xx.a(terminal_f2xx.o)
                0x00005892                terminal_init
                0x00005b9e                terminal_idle_cb
                0x00006184                terminal_idle
 .text          0x00006194       0xdc ../../..//mcu/libfitkit/build\libfitkit_f2xx.a(timer_b_f2xx.o)
                0x00006194                timerb_init
                0x000061aa                delay_ms
 .text          0x00006270      0x3b0 ../../..//mcu/libfitkit/build\libfitkit_f2xx.a(uart_f2xx.o)
                0x000063a6                term_send_str
                0x000065aa                TxintrRS232
                0x000063e4                term_send_num
                0x00006426                term_send_hex
                0x000065e8                RxintrRS232
                0x000065aa                vector_ffec
                0x000064aa                term_rcv_block
                0x00006348                term_send_char_idle
                0x000062d4                serial_close
                0x000065e8                vector_ffee
                0x00006548                term_rcv_char_t
                0x00006270                serial_init
                0x0000636e                term_send_char_hex
                0x00006468                term_rcv_char
                0x00006304                term_send_char
 .text          0x00006620      0x83e ../../..//mcu/libfitkit/build\libfitkit_f2xx.a(filetransfer_f2xx.o)
                0x000066de                send_header
                0x00006bc8                SPI_WriteFile
                0x00006b10                sendPageSPI
                0x00006d8c                ReceiveFile
                0x00006846                writePageToFlash
                0x00006c62                FLASH_WriteFile
                0x00006620                serial_rx_timeout
                0x00006cbe                cbPage
                0x000069e2                transmittFile
                0x0000667a                serial_tx_buf
 .text          0x00006e5e      0x7f2 ../../..//mcu/libfitkit/build\libfitkit_f2xx.a(cmd_f2xx.o)
                0x00006f38                term_cmd_decode
                0x00006e6c                term_cmd_read
                0x00006e5e                term_cmd_clear
 .text          0x00007650        0x0 C:\Program Files\mspgcc\bin\..\lib\gcc-lib\msp430\3.2.3\libgcc.a(__stop_progExec__.o)
 .text          0x00007650        0x0 C:\Program Files\mspgcc\bin\..\lib\gcc-lib\msp430\3.2.3\libgcc.a(_mulsi3hw.o)
 .text          0x00007650        0x0 C:\Program Files\mspgcc\bin\..\lib\gcc-lib\msp430\3.2.3\libgcc.a(_udivmodsi4.o)
 .text          0x00007650        0x0 C:\Program Files\mspgcc\bin\..\lib\gcc-lib\msp430\3.2.3\libgcc.a(_divmodsi4.o)
 .text          0x00007650        0x0 C:\Program Files\mspgcc\bin\..\lib\gcc-lib\msp430\3.2.3\libgcc.a(_reset_vector__.o)
 .text          0x00007650        0x0 C:\Program Files\mspgcc\bin\..\lib\gcc-lib\msp430\3.2.3\libgcc.a(__low_level_init.o)
 .text          0x00007650        0x0 C:\Program Files\mspgcc\bin\..\lib\gcc-lib\msp430\3.2.3\libgcc.a(_copy_data.o)
 .text          0x00007650        0x0 C:\Program Files\mspgcc\bin\..\lib\gcc-lib\msp430\3.2.3\libgcc.a(_clear_bss.o)
 .text          0x00007650        0x0 C:\Program Files\mspgcc\bin\..\lib\gcc-lib\msp430\3.2.3\libgcc.a(__jump_to_main.o)
 .text          0x00007650       0x12 C:\Program Files\mspgcc\bin\..\lib\gcc-lib\msp430\3.2.3\..\..\..\..\msp430\lib\libc.a(isdigit.o)
                0x00007650                isdigit
 .text          0x00007662       0x14 C:\Program Files\mspgcc\bin\..\lib\gcc-lib\msp430\3.2.3\..\..\..\..\msp430\lib\libc.a(strlen.o)
                0x00007662                strlen
                0x00007676                . = ALIGN (0x2)
 *(.text.*)
 .text.libgcc   0x00007676        0x0 C:\Program Files\mspgcc\bin\..\lib\gcc-lib\msp430\3.2.3\libgcc.a(__stop_progExec__.o)
 .text.libgcc   0x00007676       0x28 C:\Program Files\mspgcc\bin\..\lib\gcc-lib\msp430\3.2.3\libgcc.a(_mulsi3hw.o)
                0x00007676                __umulsi3hw
 .text.libgcc   0x0000769e       0x2a C:\Program Files\mspgcc\bin\..\lib\gcc-lib\msp430\3.2.3\libgcc.a(_udivmodsi4.o)
                0x0000769e                __udivmodsi4
 .text.libgcc   0x000076c8       0x4a C:\Program Files\mspgcc\bin\..\lib\gcc-lib\msp430\3.2.3\libgcc.a(_divmodsi4.o)
                0x000076c8                __divmodsi4
 .text.libgcc   0x00007712        0x0 C:\Program Files\mspgcc\bin\..\lib\gcc-lib\msp430\3.2.3\libgcc.a(_reset_vector__.o)
 .text.libgcc   0x00007712        0x0 C:\Program Files\mspgcc\bin\..\lib\gcc-lib\msp430\3.2.3\libgcc.a(__low_level_init.o)
 .text.libgcc   0x00007712        0x0 C:\Program Files\mspgcc\bin\..\lib\gcc-lib\msp430\3.2.3\libgcc.a(_copy_data.o)
 .text.libgcc   0x00007712        0x0 C:\Program Files\mspgcc\bin\..\lib\gcc-lib\msp430\3.2.3\libgcc.a(_clear_bss.o)
 .text.libgcc   0x00007712        0x0 C:\Program Files\mspgcc\bin\..\lib\gcc-lib\msp430\3.2.3\libgcc.a(__jump_to_main.o)
                0x00007712                . = ALIGN (0x2)
 *(.fini9)
 .fini9         0x00007712        0x0 C:\Program Files\mspgcc\bin\..\lib\gcc-lib\msp430\3.2.3\libgcc.a(__stop_progExec__.o)
                0x00007712                __stop_progExec__
 *(.fini9)
 *(.fini8)
 *(.fini8)
 *(.fini7)
 *(.fini7)
 *(.fini6)
 *(.fini6)
 *(.fini5)
 *(.fini5)
 *(.fini4)
 *(.fini4)
 *(.fini3)
 *(.fini3)
 *(.fini2)
 *(.fini2)
 *(.fini1)
 *(.fini1)
 *(.fini0)
 .fini0         0x00007712        0x2 C:\Program Files\mspgcc\bin\..\lib\gcc-lib\msp430\3.2.3\libgcc.a(__stop_progExec__.o)
 *(.fini0)
 *(.fini)
 *(.fini)
                0x00007714                _etext = .

.data           0x00001100        0x6 load address 0x00007714
                0x00001100                PROVIDE (__data_start, .)
                0x00001100                . = ALIGN (0x2)
 *(.data)
 .data          0x00001100        0x0 C:\Program Files\mspgcc\bin\..\lib\gcc-lib\msp430\3.2.3\..\..\..\..\msp430\lib\crt430x2617.o
 .data          0x00001100        0x0 build/mcu/main_f2xx.o
 .data          0x00001100        0x4 ../../..//mcu/libfitkit/build\libfitkit_f2xx.a(fitkitlib_f2xx.o)
                0x00001100                FPGA_config_length
 .data          0x00001104        0x2 ../../..//mcu/libfitkit/build\libfitkit_f2xx.a(flash_f2xx.o)
                0x00001104                CNT_PAGES
 .data          0x00001106        0x0 ../../..//mcu/libfitkit/build\libfitkit_f2xx.a(flash_fpga_f2xx.o)
 .data          0x00001106        0x0 ../../..//mcu/libfitkit/build\libfitkit_f2xx.a(fpga_f2xx.o)
 .data          0x00001106        0x0 ../../..//mcu/libfitkit/build\libfitkit_f2xx.a(globfun_f2xx.o)
 .data          0x00001106        0x0 ../../..//mcu/libfitkit/build\libfitkit_f2xx.a(spi_f2xx.o)
 .data          0x00001106        0x0 ../../..//mcu/libfitkit/build\libfitkit_f2xx.a(terminal_f2xx.o)
 .data          0x00001106        0x0 ../../..//mcu/libfitkit/build\libfitkit_f2xx.a(timer_b_f2xx.o)
 .data          0x00001106        0x0 ../../..//mcu/libfitkit/build\libfitkit_f2xx.a(uart_f2xx.o)
 .data          0x00001106        0x0 ../../..//mcu/libfitkit/build\libfitkit_f2xx.a(filetransfer_f2xx.o)
 .data          0x00001106        0x0 ../../..//mcu/libfitkit/build\libfitkit_f2xx.a(cmd_f2xx.o)
 .data          0x00001106        0x0 C:\Program Files\mspgcc\bin\..\lib\gcc-lib\msp430\3.2.3\libgcc.a(__stop_progExec__.o)
 .data          0x00001106        0x0 C:\Program Files\mspgcc\bin\..\lib\gcc-lib\msp430\3.2.3\libgcc.a(_mulsi3hw.o)
 .data          0x00001106        0x0 C:\Program Files\mspgcc\bin\..\lib\gcc-lib\msp430\3.2.3\libgcc.a(_udivmodsi4.o)
 .data          0x00001106        0x0 C:\Program Files\mspgcc\bin\..\lib\gcc-lib\msp430\3.2.3\libgcc.a(_divmodsi4.o)
 .data          0x00001106        0x0 C:\Program Files\mspgcc\bin\..\lib\gcc-lib\msp430\3.2.3\libgcc.a(_reset_vector__.o)
 .data          0x00001106        0x0 C:\Program Files\mspgcc\bin\..\lib\gcc-lib\msp430\3.2.3\libgcc.a(__low_level_init.o)
 .data          0x00001106        0x0 C:\Program Files\mspgcc\bin\..\lib\gcc-lib\msp430\3.2.3\libgcc.a(_copy_data.o)
 .data          0x00001106        0x0 C:\Program Files\mspgcc\bin\..\lib\gcc-lib\msp430\3.2.3\libgcc.a(_clear_bss.o)
 .data          0x00001106        0x0 C:\Program Files\mspgcc\bin\..\lib\gcc-lib\msp430\3.2.3\libgcc.a(__jump_to_main.o)
 .data          0x00001106        0x0 C:\Program Files\mspgcc\bin\..\lib\gcc-lib\msp430\3.2.3\..\..\..\..\msp430\lib\libc.a(isdigit.o)
 .data          0x00001106        0x0 C:\Program Files\mspgcc\bin\..\lib\gcc-lib\msp430\3.2.3\..\..\..\..\msp430\lib\libc.a(strlen.o)
 *(SORT(.data.*))
                0x00001106                . = ALIGN (0x2)
 *(.gnu.linkonce.d*)
                0x00001106                . = ALIGN (0x2)
                0x00001106                _edata = .
                0x00007714                PROVIDE (__data_load_start, LOADADDR (.data))
                0x00000006                PROVIDE (__data_size, SIZEOF (.data))

.bootloader     0x00000c00        0x0
                0x00000c00                PROVIDE (__boot_start, .)
 *(.bootloader)
                0x00000c00                . = ALIGN (0x2)
 *(.bootloader.*)

.infomem        0x00001000        0x0
 *(.infomem)
                0x00001000                . = ALIGN (0x2)
 *(.infomem.*)

.infomemnobits  0x00001000        0x0
 *(.infomemnobits)
                0x00001000                . = ALIGN (0x2)
 *(.infomemnobits.*)

.bss            0x00001106      0x11c
                0x00001106                PROVIDE (__bss_start, .)
 *(.bss)
 .bss           0x00001106        0x0 C:\Program Files\mspgcc\bin\..\lib\gcc-lib\msp430\3.2.3\..\..\..\..\msp430\lib\crt430x2617.o
 .bss           0x00001106        0x0 build/mcu/main_f2xx.o
 .bss           0x00001106        0x0 ../../..//mcu/libfitkit/build\libfitkit_f2xx.a(fitkitlib_f2xx.o)
 .bss           0x00001106        0x0 ../../..//mcu/libfitkit/build\libfitkit_f2xx.a(flash_f2xx.o)
 .bss           0x00001106        0x0 ../../..//mcu/libfitkit/build\libfitkit_f2xx.a(flash_fpga_f2xx.o)
 .bss           0x00001106        0x0 ../../..//mcu/libfitkit/build\libfitkit_f2xx.a(fpga_f2xx.o)
 .bss           0x00001106        0x0 ../../..//mcu/libfitkit/build\libfitkit_f2xx.a(globfun_f2xx.o)
 .bss           0x00001106        0x0 ../../..//mcu/libfitkit/build\libfitkit_f2xx.a(spi_f2xx.o)
 .bss           0x00001106        0x0 ../../..//mcu/libfitkit/build\libfitkit_f2xx.a(terminal_f2xx.o)
 .bss           0x00001106        0x0 ../../..//mcu/libfitkit/build\libfitkit_f2xx.a(timer_b_f2xx.o)
 .bss           0x00001106        0x0 ../../..//mcu/libfitkit/build\libfitkit_f2xx.a(uart_f2xx.o)
 .bss           0x00001106        0x0 ../../..//mcu/libfitkit/build\libfitkit_f2xx.a(filetransfer_f2xx.o)
 .bss           0x00001106        0x0 ../../..//mcu/libfitkit/build\libfitkit_f2xx.a(cmd_f2xx.o)
 .bss           0x00001106        0x0 C:\Program Files\mspgcc\bin\..\lib\gcc-lib\msp430\3.2.3\libgcc.a(__stop_progExec__.o)
 .bss           0x00001106        0x0 C:\Program Files\mspgcc\bin\..\lib\gcc-lib\msp430\3.2.3\libgcc.a(_mulsi3hw.o)
 .bss           0x00001106        0x0 C:\Program Files\mspgcc\bin\..\lib\gcc-lib\msp430\3.2.3\libgcc.a(_udivmodsi4.o)
 .bss           0x00001106        0x0 C:\Program Files\mspgcc\bin\..\lib\gcc-lib\msp430\3.2.3\libgcc.a(_divmodsi4.o)
 .bss           0x00001106        0x0 C:\Program Files\mspgcc\bin\..\lib\gcc-lib\msp430\3.2.3\libgcc.a(_reset_vector__.o)
 .bss           0x00001106        0x0 C:\Program Files\mspgcc\bin\..\lib\gcc-lib\msp430\3.2.3\libgcc.a(__low_level_init.o)
 .bss           0x00001106        0x0 C:\Program Files\mspgcc\bin\..\lib\gcc-lib\msp430\3.2.3\libgcc.a(_copy_data.o)
 .bss           0x00001106        0x0 C:\Program Files\mspgcc\bin\..\lib\gcc-lib\msp430\3.2.3\libgcc.a(_clear_bss.o)
 .bss           0x00001106        0x0 C:\Program Files\mspgcc\bin\..\lib\gcc-lib\msp430\3.2.3\libgcc.a(__jump_to_main.o)
 .bss           0x00001106        0x0 C:\Program Files\mspgcc\bin\..\lib\gcc-lib\msp430\3.2.3\..\..\..\..\msp430\lib\libc.a(isdigit.o)
 .bss           0x00001106        0x0 C:\Program Files\mspgcc\bin\..\lib\gcc-lib\msp430\3.2.3\..\..\..\..\msp430\lib\libc.a(strlen.o)
 *(SORT(.bss.*))
 *(COMMON)
 COMMON         0x00001106        0x6 ../../..//mcu/libfitkit/build\libfitkit_f2xx.a(flash_f2xx.o)
                0x00001106                CountPage
                0x00001108                TypeBufferFlash
                0x0000110a                AdrBufferFlash
 COMMON         0x0000110c        0x2 ../../..//mcu/libfitkit/build\libfitkit_f2xx.a(terminal_f2xx.o)
                0x0000110c                Cmd_Old
                0x0000110d                Cmd
 COMMON         0x0000110e       0xf1 ../../..//mcu/libfitkit/build\libfitkit_f2xx.a(uart_f2xx.o)
                0x0000110e                BreakFlag
                0x0000110f                TransmitNum
                0x00001110                ReceiveNum
                0x00001112                ReceiveBuf
                0x00001192                ReceiveIndexRec
                0x00001194                TransmitBuf
                0x000011f8                ErrorFlag
                0x000011fa                ReceiveIndex
                0x000011fc                TransmitIndexSend
                0x000011fd                TransmitIndex
                0x000011fe                PomRS232
 *fill*         0x000011ff        0x1 00
 COMMON         0x00001200        0x4 ../../..//mcu/libfitkit/build\libfitkit_f2xx.a(filetransfer_f2xx.o)
                0x00001200                cb_fun
                0x00001202                cb_buf
 COMMON         0x00001204       0x1e ../../..//mcu/libfitkit/build\libfitkit_f2xx.a(cmd_f2xx.o)
                0x00001204                CMD_Long
                0x00001208                CMDStr
                0x00001221                CMDStrLen
                0x00001222                PROVIDE (__bss_end, .)
                0x00001222                _end = .
                0x0000011c                PROVIDE (__bss_size, SIZEOF (.bss))

.noinit         0x00001222        0x0
                0x00001222                PROVIDE (__noinit_start, .)
 *(.noinit)
 *(.noinit.*)
 *(COMMON)
                0x00001222                PROVIDE (__noinit_end, .)
                0x00001222                _end = .

.vectors        0x0000ffc0       0x40
                0x0000ffc0                PROVIDE (__vectors_start, .)
 *(.vectors*)
 .vectors       0x0000ffc0       0x40 C:\Program Files\mspgcc\bin\..\lib\gcc-lib\msp430\3.2.3\..\..\..\..\msp430\lib\crt430x2617.o
                0x0000ffc0                InterruptVectors
 *(.vectors*)
                0x00010000                _vectors_end = .

.profiler
 *(.profiler)

.stab           0x00000000      0x738
 *(.stab)
 .stab          0x00000000      0x1b0 C:\Program Files\mspgcc\bin\..\lib\gcc-lib\msp430\3.2.3\..\..\..\..\msp430\lib\crt430x2617.o
 .stab          0x000001b0      0x168 C:\Program Files\mspgcc\bin\..\lib\gcc-lib\msp430\3.2.3\..\..\..\..\msp430\lib\libc.a(isdigit.o)
                                0x174 (size before relaxing)
 .stab          0x00000318      0x420 C:\Program Files\mspgcc\bin\..\lib\gcc-lib\msp430\3.2.3\..\..\..\..\msp430\lib\libc.a(strlen.o)
                                0x42c (size before relaxing)

.stabstr        0x00000000      0x8d6
 *(.stabstr)
 .stabstr       0x00000000      0x8d6 C:\Program Files\mspgcc\bin\..\lib\gcc-lib\msp430\3.2.3\..\..\..\..\msp430\lib\crt430x2617.o

.stab.excl
 *(.stab.excl)

.stab.exclstr
 *(.stab.exclstr)

.stab.index
 *(.stab.index)

.stab.indexstr
 *(.stab.indexstr)

.comment
 *(.comment)

.debug
 *(.debug)

.line
 *(.line)

.debug_srcinfo
 *(.debug_srcinfo)

.debug_sfnames
 *(.debug_sfnames)

.debug_aranges
 *(.debug_aranges)

.debug_pubnames
 *(.debug_pubnames)

.debug_info
 *(.debug_info)
 *(.gnu.linkonce.wi.*)

.debug_abbrev
 *(.debug_abbrev)

.debug_line
 *(.debug_line)

.debug_frame
 *(.debug_frame)

.debug_str
 *(.debug_str)

.debug_loc
 *(.debug_loc)

.debug_macinfo
 *(.debug_macinfo)
                0x00003100                PROVIDE (__stack, 0x3100)
                0x00007714                PROVIDE (__data_start_rom, _etext)
                0x0000771a                PROVIDE (__data_end_rom, (_etext + SIZEOF (.data)))
                0x0000771a                PROVIDE (__noinit_start_rom, (_etext + SIZEOF (.data)))
                0x0000771a                PROVIDE (__noinit_end_rom, ((_etext + SIZEOF (.data)) + SIZEOF (.noinit)))
                0x00000000                PROVIDE (__subdevice_has_heap, 0x0)
OUTPUT(build/pexeso_f2xx.elf elf32-msp430)
